{"merged":["┌── title ───────────────────┐┌── title ───────────────────┐","│                            ││                            │","│ npm run start              ││ c                          │","│ server started             ││                            │","│                            │└────────────────────────────┘","│                            │","│                            │","│                            │","│                            │","└────────────────────────────┘"]}