{"terminalPanel":["┌── title ───────────────────┐","│                            │","│ npm run start              │","│ server started             │","│                            │","│                            │","│                            │","│                            │","│                            │","└────────────────────────────┘"]}