{"merged":["┌── title ───────────────────┐┌── title ───────────────────┐","│                            ││                            │","│ npm run start              ││ npm run start              │","│ server started             ││ server started             │","│                            ││                            │","│                            ││                            │","│                            ││                            │","│                            ││                            │","│                            ││                            │","└────────────────────────────┘└────────────────────────────┘"]}