{"terminal":["npm run start\n","server started\n"]}